Waiting for API to start...
API is ready!

Testing Onboarding (Protected)...
  -> Attempting without Admin Key...
  [OK] Blocked correctly (403 Forbidden)
  -> Attempting with Admin Key...
  Status: 200
  Response: {'status': 'success', 'id': '7ceb3ed3-009b-40f8-af99-7648938df833'}

Testing Search...
Status: 200
AI Summary: Based on your query for a **Quantum Chip**, I have found the following vendor recommendations availa...
Found 3 vendors.

Testing ONDC Beckn /search...
Status: 200
Response: {'message': {'ack': {'status': 'ACK'}}, 'error': None}
[OK] Received ACK (Async request accepted)

Testing WhatsApp Logic...
  -> Testing Onboarding Intent...
  Response: Welcome to ONDC! Your business has been registered.

Name: Super Electronics
Location: Indiranagar
C...
  -> Testing Search Intent...
  Response: Welcome to ONDC! I didn't quite understand that.

- To register your business, describe your shop (e...
  -> Testing Ambiguous Intent...
  Response: Welcome to ONDC! I didn't quite understand that.

- To register your business, describe your shop (e...
